[2026-09-24T12:04:18.613+0000] {manager.py:483} INFO - Processing files using up to 2 processes at a time 
[2026-09-24T12:04:18.615+0000] {manager.py:484} INFO - Process each file at most once every 30 seconds
[2026-09-24T12:04:18.615+0000] {manager.py:485} INFO - Checking for new files in /opt/airflow/dags every 300 seconds
[2026-09-24T12:04:18.616+0000] {manager.py:821} INFO - Searching for files in /opt/airflow/dags
[2026-09-24T12:04:18.619+0000] {manager.py:824} INFO - There are 0 files in /opt/airflow/dags
[2026-09-24T12:09:19.321+0000] {manager.py:821} INFO - Searching for files in /opt/airflow/dags
[2026-09-24T12:09:19.326+0000] {manager.py:824} INFO - There are 0 files in /opt/airflow/dags
[2026-09-24T12:13:49.067+0000] {manager.py:465} INFO - Exiting gracefully upon receiving signal 15
[2026-09-24T12:14:10.218+0000] {manager.py:483} INFO - Processing files using up to 2 processes at a time 
[2026-09-24T12:14:10.219+0000] {manager.py:484} INFO - Process each file at most once every 30 seconds
[2026-09-24T12:14:10.220+0000] {manager.py:485} INFO - Checking for new files in /opt/airflow/dags every 300 seconds
[2026-09-24T12:14:10.221+0000] {manager.py:821} INFO - Searching for files in /opt/airflow/dags
[2026-09-24T12:14:10.233+0000] {manager.py:824} INFO - There are 1 files in /opt/airflow/dags
[2026-09-24T12:14:10.347+0000] {manager.py:997} INFO - 
================================================================================
DAG File Processing Stats

File Path                                  PID  Runtime      # DAGs    # Errors  Last Runtime    Last Run      Last # of DB Queries
---------------------------------------  -----  ---------  --------  ----------  --------------  ----------  ----------------------
/opt/airflow/dags/cdr_daily_pipeline.py    179  0.03s             0           0                                                   0
================================================================================
[2026-09-24T12:14:40.507+0000] {manager.py:997} INFO - 
================================================================================
DAG File Processing Stats

File Path                                PID    Runtime      # DAGs    # Errors  Last Runtime    Last Run               Last # of DB Queries
---------------------------------------  -----  ---------  --------  ----------  --------------  -------------------  ----------------------
/opt/airflow/dags/cdr_daily_pipeline.py                           1           0  0.42s           2026-09-24T12:14:10                      45
================================================================================
[2026-09-24T12:15:11.091+0000] {manager.py:997} INFO - 
================================================================================
DAG File Processing Stats

File Path                                  PID  Runtime      # DAGs    # Errors  Last Runtime    Last Run               Last # of DB Queries
---------------------------------------  -----  ---------  --------  ----------  --------------  -------------------  ----------------------
/opt/airflow/dags/cdr_daily_pipeline.py    375  0.00s             1           0  0.17s           2026-09-24T12:14:41                      12
================================================================================
[2026-09-24T12:15:41.279+0000] {manager.py:997} INFO - 
================================================================================
DAG File Processing Stats

File Path                                  PID  Runtime      # DAGs    # Errors  Last Runtime    Last Run               Last # of DB Queries
---------------------------------------  -----  ---------  --------  ----------  --------------  -------------------  ----------------------
/opt/airflow/dags/cdr_daily_pipeline.py    399  0.00s             1           0  0.15s           2026-09-24T12:15:11                      12
================================================================================
[2026-09-24T12:16:11.576+0000] {manager.py:997} INFO - 
================================================================================
DAG File Processing Stats

File Path                                  PID  Runtime      # DAGs    # Errors  Last Runtime    Last Run               Last # of DB Queries
---------------------------------------  -----  ---------  --------  ----------  --------------  -------------------  ----------------------
/opt/airflow/dags/cdr_daily_pipeline.py    423  0.00s             1           0  0.15s           2026-09-24T12:15:41                      12
================================================================================
[2026-09-24T12:16:41.777+0000] {manager.py:997} INFO - 
================================================================================
DAG File Processing Stats

File Path                                  PID  Runtime      # DAGs    # Errors  Last Runtime    Last Run               Last # of DB Queries
---------------------------------------  -----  ---------  --------  ----------  --------------  -------------------  ----------------------
/opt/airflow/dags/cdr_daily_pipeline.py    447  0.00s             1           0  0.17s           2026-09-24T12:16:11                      12
================================================================================
[2026-09-24T12:17:12.070+0000] {manager.py:997} INFO - 
================================================================================
DAG File Processing Stats

File Path                                  PID  Runtime      # DAGs    # Errors  Last Runtime    Last Run               Last # of DB Queries
---------------------------------------  -----  ---------  --------  ----------  --------------  -------------------  ----------------------
/opt/airflow/dags/cdr_daily_pipeline.py    471  0.00s             1           0  0.15s           2026-09-24T12:16:41                      12
================================================================================
[2026-09-24T12:17:42.274+0000] {manager.py:997} INFO - 
================================================================================
DAG File Processing Stats

File Path                                  PID  Runtime      # DAGs    # Errors  Last Runtime    Last Run               Last # of DB Queries
---------------------------------------  -----  ---------  --------  ----------  --------------  -------------------  ----------------------
/opt/airflow/dags/cdr_daily_pipeline.py    501  0.00s             1           0  0.17s           2026-09-24T12:17:12                      12
================================================================================
[2026-09-24T12:18:12.584+0000] {manager.py:997} INFO - 
================================================================================
DAG File Processing Stats

File Path                                  PID  Runtime      # DAGs    # Errors  Last Runtime    Last Run               Last # of DB Queries
---------------------------------------  -----  ---------  --------  ----------  --------------  -------------------  ----------------------
/opt/airflow/dags/cdr_daily_pipeline.py    570  0.00s             1           0  0.15s           2026-09-24T12:17:42                      12
================================================================================
[2026-09-24T12:18:30.601+0000] {manager.py:465} INFO - Exiting gracefully upon receiving signal 15
[2026-09-24T12:18:51.684+0000] {manager.py:483} INFO - Processing files using up to 2 processes at a time 
[2026-09-24T12:18:51.685+0000] {manager.py:484} INFO - Process each file at most once every 30 seconds
[2026-09-24T12:18:51.686+0000] {manager.py:485} INFO - Checking for new files in /opt/airflow/dags every 300 seconds
[2026-09-24T12:18:51.687+0000] {manager.py:821} INFO - Searching for files in /opt/airflow/dags
[2026-09-24T12:18:51.702+0000] {manager.py:824} INFO - There are 1 files in /opt/airflow/dags
[2026-09-24T12:18:51.776+0000] {manager.py:997} INFO - 
================================================================================
DAG File Processing Stats

File Path                                  PID  Runtime      # DAGs    # Errors  Last Runtime    Last Run      Last # of DB Queries
---------------------------------------  -----  ---------  --------  ----------  --------------  ----------  ----------------------
/opt/airflow/dags/cdr_daily_pipeline.py    231  0.02s             0           0                                                   0
================================================================================
[2026-09-24T12:19:21.959+0000] {manager.py:997} INFO - 
================================================================================
DAG File Processing Stats

File Path                                  PID  Runtime      # DAGs    # Errors  Last Runtime    Last Run               Last # of DB Queries
---------------------------------------  -----  ---------  --------  ----------  --------------  -------------------  ----------------------
/opt/airflow/dags/cdr_daily_pipeline.py    255  0.00s             1           0  0.17s           2026-09-24T12:18:51                      12
================================================================================
[2026-09-24T12:19:52.273+0000] {manager.py:997} INFO - 
================================================================================
DAG File Processing Stats

File Path                                  PID  Runtime      # DAGs    # Errors  Last Runtime    Last Run               Last # of DB Queries
---------------------------------------  -----  ---------  --------  ----------  --------------  -------------------  ----------------------
/opt/airflow/dags/cdr_daily_pipeline.py    279  0.00s             1           0  0.21s           2026-09-24T12:19:22                      12
================================================================================
[2026-09-24T12:20:22.527+0000] {manager.py:997} INFO - 
================================================================================
DAG File Processing Stats

File Path                                  PID  Runtime      # DAGs    # Errors  Last Runtime    Last Run               Last # of DB Queries
---------------------------------------  -----  ---------  --------  ----------  --------------  -------------------  ----------------------
/opt/airflow/dags/cdr_daily_pipeline.py    303  0.00s             1           0  0.13s           2026-09-24T12:19:52                      12
================================================================================
[2026-09-24T12:20:52.750+0000] {manager.py:997} INFO - 
================================================================================
DAG File Processing Stats

File Path                                  PID  Runtime      # DAGs    # Errors  Last Runtime    Last Run               Last # of DB Queries
---------------------------------------  -----  ---------  --------  ----------  --------------  -------------------  ----------------------
/opt/airflow/dags/cdr_daily_pipeline.py    327  0.00s             1           0  0.13s           2026-09-24T12:20:22                      12
================================================================================
[2026-09-24T12:21:23.002+0000] {manager.py:997} INFO - 
================================================================================
DAG File Processing Stats

File Path                                  PID  Runtime      # DAGs    # Errors  Last Runtime    Last Run               Last # of DB Queries
---------------------------------------  -----  ---------  --------  ----------  --------------  -------------------  ----------------------
/opt/airflow/dags/cdr_daily_pipeline.py    351  0.00s             1           0  0.13s           2026-09-24T12:20:52                      12
================================================================================
[2026-09-24T12:21:53.222+0000] {manager.py:997} INFO - 
================================================================================
DAG File Processing Stats

File Path                                  PID  Runtime      # DAGs    # Errors  Last Runtime    Last Run               Last # of DB Queries
---------------------------------------  -----  ---------  --------  ----------  --------------  -------------------  ----------------------
/opt/airflow/dags/cdr_daily_pipeline.py    375  0.00s             1           0  0.15s           2026-09-24T12:21:23                      12
================================================================================
[2026-09-24T12:22:23.508+0000] {manager.py:997} INFO - 
================================================================================
DAG File Processing Stats

File Path                                  PID  Runtime      # DAGs    # Errors  Last Runtime    Last Run               Last # of DB Queries
---------------------------------------  -----  ---------  --------  ----------  --------------  -------------------  ----------------------
/opt/airflow/dags/cdr_daily_pipeline.py    399  0.00s             1           0  0.13s           2026-09-24T12:21:53                      12
================================================================================
[2026-09-24T12:22:53.694+0000] {manager.py:997} INFO - 
================================================================================
DAG File Processing Stats

File Path                                  PID  Runtime      # DAGs    # Errors  Last Runtime    Last Run               Last # of DB Queries
---------------------------------------  -----  ---------  --------  ----------  --------------  -------------------  ----------------------
/opt/airflow/dags/cdr_daily_pipeline.py    507  0.00s             1           0  0.14s           2026-09-24T12:22:23                      12
================================================================================
[2026-09-24T12:23:23.961+0000] {manager.py:997} INFO - 
================================================================================
DAG File Processing Stats

File Path                                  PID  Runtime      # DAGs    # Errors  Last Runtime    Last Run               Last # of DB Queries
---------------------------------------  -----  ---------  --------  ----------  --------------  -------------------  ----------------------
/opt/airflow/dags/cdr_daily_pipeline.py    531  0.00s             1           0  0.15s           2026-09-24T12:22:53                      12
================================================================================
[2026-09-24T12:23:52.176+0000] {manager.py:821} INFO - Searching for files in /opt/airflow/dags
[2026-09-24T12:23:52.193+0000] {manager.py:824} INFO - There are 1 files in /opt/airflow/dags
[2026-09-24T12:23:54.222+0000] {manager.py:997} INFO - 
================================================================================
DAG File Processing Stats

File Path                                  PID  Runtime      # DAGs    # Errors  Last Runtime    Last Run               Last # of DB Queries
---------------------------------------  -----  ---------  --------  ----------  --------------  -------------------  ----------------------
/opt/airflow/dags/cdr_daily_pipeline.py    555  0.00s             1           0  0.14s           2026-09-24T12:23:24                      12
================================================================================
[2026-09-24T12:24:24.447+0000] {manager.py:997} INFO - 
================================================================================
DAG File Processing Stats

File Path                                  PID  Runtime      # DAGs    # Errors  Last Runtime    Last Run               Last # of DB Queries
---------------------------------------  -----  ---------  --------  ----------  --------------  -------------------  ----------------------
/opt/airflow/dags/cdr_daily_pipeline.py    579  0.00s             1           0  0.18s           2026-09-24T12:23:54                      12
================================================================================
[2026-09-24T12:24:54.739+0000] {manager.py:997} INFO - 
================================================================================
DAG File Processing Stats

File Path                                  PID  Runtime      # DAGs    # Errors  Last Runtime    Last Run               Last # of DB Queries
---------------------------------------  -----  ---------  --------  ----------  --------------  -------------------  ----------------------
/opt/airflow/dags/cdr_daily_pipeline.py    603  0.00s             1           0  0.15s           2026-09-24T12:24:24                      12
================================================================================
[2026-09-24T12:25:24.925+0000] {manager.py:997} INFO - 
================================================================================
DAG File Processing Stats

File Path                                  PID  Runtime      # DAGs    # Errors  Last Runtime    Last Run               Last # of DB Queries
---------------------------------------  -----  ---------  --------  ----------  --------------  -------------------  ----------------------
/opt/airflow/dags/cdr_daily_pipeline.py    627  0.00s             1           0  0.14s           2026-09-24T12:24:54                      12
================================================================================
[2026-09-24T12:25:55.204+0000] {manager.py:997} INFO - 
================================================================================
DAG File Processing Stats

File Path                                  PID  Runtime      # DAGs    # Errors  Last Runtime    Last Run               Last # of DB Queries
---------------------------------------  -----  ---------  --------  ----------  --------------  -------------------  ----------------------
/opt/airflow/dags/cdr_daily_pipeline.py    651  0.00s             1           0  0.14s           2026-09-24T12:25:25                      12
================================================================================
[2026-09-24T12:26:25.404+0000] {manager.py:997} INFO - 
================================================================================
DAG File Processing Stats

File Path                                  PID  Runtime      # DAGs    # Errors  Last Runtime    Last Run               Last # of DB Queries
---------------------------------------  -----  ---------  --------  ----------  --------------  -------------------  ----------------------
/opt/airflow/dags/cdr_daily_pipeline.py    675  0.00s             1           0  0.14s           2026-09-24T12:25:55                      12
================================================================================
[2026-09-24T12:26:55.704+0000] {manager.py:997} INFO - 
================================================================================
DAG File Processing Stats

File Path                                  PID  Runtime      # DAGs    # Errors  Last Runtime    Last Run               Last # of DB Queries
---------------------------------------  -----  ---------  --------  ----------  --------------  -------------------  ----------------------
/opt/airflow/dags/cdr_daily_pipeline.py    699  0.00s             1           0  0.14s           2026-09-24T12:26:25                      12
================================================================================
[2026-09-24T12:27:25.887+0000] {manager.py:997} INFO - 
================================================================================
DAG File Processing Stats

File Path                                  PID  Runtime      # DAGs    # Errors  Last Runtime    Last Run               Last # of DB Queries
---------------------------------------  -----  ---------  --------  ----------  --------------  -------------------  ----------------------
/opt/airflow/dags/cdr_daily_pipeline.py    723  0.00s             1           0  0.14s           2026-09-24T12:26:55                      12
================================================================================
[2026-09-24T12:27:56.192+0000] {manager.py:997} INFO - 
================================================================================
DAG File Processing Stats

File Path                                  PID  Runtime      # DAGs    # Errors  Last Runtime    Last Run               Last # of DB Queries
---------------------------------------  -----  ---------  --------  ----------  --------------  -------------------  ----------------------
/opt/airflow/dags/cdr_daily_pipeline.py    747  0.00s             1           0  0.14s           2026-09-24T12:27:26                      12
================================================================================
[2026-09-24T12:28:26.386+0000] {manager.py:997} INFO - 
================================================================================
DAG File Processing Stats

File Path                                  PID  Runtime      # DAGs    # Errors  Last Runtime    Last Run               Last # of DB Queries
---------------------------------------  -----  ---------  --------  ----------  --------------  -------------------  ----------------------
/opt/airflow/dags/cdr_daily_pipeline.py    771  0.00s             1           0  0.14s           2026-09-24T12:27:56                      12
================================================================================
[2026-09-24T12:28:52.674+0000] {manager.py:821} INFO - Searching for files in /opt/airflow/dags
[2026-09-24T12:28:52.687+0000] {manager.py:824} INFO - There are 1 files in /opt/airflow/dags
[2026-09-24T12:28:56.736+0000] {manager.py:997} INFO - 
================================================================================
DAG File Processing Stats

File Path                                  PID  Runtime      # DAGs    # Errors  Last Runtime    Last Run               Last # of DB Queries
---------------------------------------  -----  ---------  --------  ----------  --------------  -------------------  ----------------------
/opt/airflow/dags/cdr_daily_pipeline.py    795  0.00s             1           0  0.12s           2026-09-24T12:28:26                      12
================================================================================
[2026-09-24T12:29:26.924+0000] {manager.py:997} INFO - 
================================================================================
DAG File Processing Stats

File Path                                  PID  Runtime      # DAGs    # Errors  Last Runtime    Last Run               Last # of DB Queries
---------------------------------------  -----  ---------  --------  ----------  --------------  -------------------  ----------------------
/opt/airflow/dags/cdr_daily_pipeline.py    819  0.00s             1           0  0.16s           2026-09-24T12:28:56                      12
================================================================================
[2026-09-24T12:29:57.231+0000] {manager.py:997} INFO - 
================================================================================
DAG File Processing Stats

File Path                                  PID  Runtime      # DAGs    # Errors  Last Runtime    Last Run               Last # of DB Queries
---------------------------------------  -----  ---------  --------  ----------  --------------  -------------------  ----------------------
/opt/airflow/dags/cdr_daily_pipeline.py    843  0.00s             1           0  0.14s           2026-09-24T12:29:27                      12
================================================================================
[2026-09-24T12:30:27.410+0000] {manager.py:997} INFO - 
================================================================================
DAG File Processing Stats

File Path                                  PID  Runtime      # DAGs    # Errors  Last Runtime    Last Run               Last # of DB Queries
---------------------------------------  -----  ---------  --------  ----------  --------------  -------------------  ----------------------
/opt/airflow/dags/cdr_daily_pipeline.py    867  0.00s             1           0  0.12s           2026-09-24T12:29:57                      12
================================================================================
